// Jest Snapshot v1, https://goo.gl/fbAQLP

exports[`CardContainer should match the snapshot with all data passed in correctly 1`] = `
<div
  className="card-container"
>
  <Card
    compareDistrictData={[Function]}
    district={
      Object {
        "location": "denver",
        "stats": Array [
          Object {
            "2001": 2,
          },
        ],
      }
    }
    key="0.19449928746916045"
  />
  <Card
    compareDistrictData={[Function]}
    district={
      Object {
        "location": "boulder",
        "stats": Array [
          Object {
            "2002": 1,
          },
        ],
      }
    }
    key="0.2592622780689873"
  />
</div>
`;
